// Jest Snapshot v1, https://goo.gl/fbAQLP

exports[`<LogPointsComponent /> should call componentDidUpdate after state change 1`] = `undefined`;
